17:06:49.431 [TestNG-tests-1] ERROR testCases.TC001_AccountRegistrationTest -  Test failed
17:07:22.651 [TestNG-tests-1] INFO  testCases.TC001_AccountRegistrationTest - ****** stating TC001_AccountRegistrationTest ******
17:07:23.039 [TestNG-tests-1] INFO  testCases.TC001_AccountRegistrationTest - clicked on myaccount link
17:07:23.481 [TestNG-tests-1] INFO  testCases.TC001_AccountRegistrationTest - clicked on register
17:07:23.491 [TestNG-tests-1] INFO  testCases.TC001_AccountRegistrationTest - providing customer details
17:07:24.849 [TestNG-tests-1] INFO  testCases.TC001_AccountRegistrationTest - validating expected message
17:07:24.900 [TestNG-tests-1] INFO  testCases.TC001_AccountRegistrationTest - ****** finished TC001_AccountRegistrationTest ******
19:49:24.031 [main] INFO  testCases.TC001_AccountRegistrationTest - ****** stating TC001_AccountRegistrationTest ******
19:49:24.236 [main] INFO  testCases.TC001_AccountRegistrationTest - clicked on myaccount link
19:49:24.641 [main] INFO  testCases.TC001_AccountRegistrationTest - clicked on register
19:49:24.642 [main] INFO  testCases.TC001_AccountRegistrationTest - providing customer details
19:49:25.990 [main] INFO  testCases.TC001_AccountRegistrationTest - validating expected message
19:49:26.040 [main] INFO  testCases.TC001_AccountRegistrationTest - ****** finished TC001_AccountRegistrationTest ******
20:49:04.652 [main] INFO  testCases.TC001_AccountRegistrationTest - ****** stating TC001_AccountRegistrationTest ******
20:49:04.796 [main] INFO  testCases.TC001_AccountRegistrationTest - clicked on myaccount link
20:49:05.173 [main] INFO  testCases.TC001_AccountRegistrationTest - clicked on register
20:49:05.177 [main] INFO  testCases.TC001_AccountRegistrationTest - providing customer details
20:49:06.804 [main] INFO  testCases.TC001_AccountRegistrationTest - validating expected message
20:49:06.869 [main] INFO  testCases.TC001_AccountRegistrationTest - ****** finished TC001_AccountRegistrationTest ******
21:08:25.547 [main] INFO  testCases.TC001_AccountRegistrationTest - ****** stating TC001_AccountRegistrationTest ******
21:08:25.703 [main] INFO  testCases.TC001_AccountRegistrationTest - clicked on myaccount link
21:08:26.113 [main] INFO  testCases.TC001_AccountRegistrationTest - clicked on register
21:08:26.120 [main] INFO  testCases.TC001_AccountRegistrationTest - providing customer details
21:08:27.443 [main] INFO  testCases.TC001_AccountRegistrationTest - validating expected message
21:08:27.488 [main] INFO  testCases.TC001_AccountRegistrationTest - ****** finished TC001_AccountRegistrationTest ******
